00-00-00 00:00:00 INFO info message                             with=args
00-00-00 00:00:00 DEBU debug this code for me please            number=1
00-00-00 00:00:00 WARN watch out!                               err="file already exists"
00-00-00 00:00:00 ERRO something went wrong                     float=1.234 err=EOF
00-00-00 00:00:00 WARN err1                                     err=first 1=1 stacktrace=<stacktrace>
00-00-00 00:00:00 ERRO err2                                     err="second: first" 2=2 1=1 stacktrace=<stacktrace>
00-00-00 00:00:00 DEBU ctx debug message                        ctx_key1=ctx_value1 debug_key1=debug_value1
00-00-00 00:00:00 INFO ctx info message                         ctx_key1=ctx_value1 ctx_key2=ctx_value2 info_key2=info_value2
00-00-00 00:00:00 WARN Pkg wrapped error                        err="pkg wrap: omni wrap: new" wrap=wrap new=new stacktrace=<stacktrace>
