Runs the halo consensus client

Usage:
  halo run [flags]

Flags:
      --engine-jwt-file string        The path to the Engine API JWT file
  -h, --help                          help for run
      --home string                   The application home directory containing config and data (default "./halo")
      --log-color string              Log color (only applicable to console format); auto, force, disable (default "auto")
      --log-format string             Log format; console, json (default "console")
      --log-level string              Log level; debug, info, warn, error (default "info")
      --snapshot-interval uint        The interval (in blocks) at which to create snapshots (default 1000)
      --state-persist-interval uint   The interval (in blocks) at which to persist the app state (default 1)
