version: '2.4'
networks:
  test:
    labels:
      e2e: true
    driver: bridge

services:
  seed01:
    labels:
      e2e: true
    container_name: seed01
    image: omniops/halovisor:7d1ae53
    restart: unless-stopped
    init: true
    ports:
    - 26656:26656 # CometBFT Consensus P2P
    - 26657:26657 # CometBFT Consensus RPC
    - 9999:9999 # Cosmos gRPC API (VM port 9090 used by grafana-agent)
    - 1317:1317 # Cosmos REST API
    - 8545:8545 # EVM JSON-RPC Proxy
    - 6060 # Pprof
    volumes:
    - ./seed01:/halo
    environment: []
    logging:
      driver: local
    networks:
      test:
        


  # Use geth as the omni EVMs.
  seed01_evm:
    labels:
      e2e: true
    container_name: seed01_evm
    image: ethereum/client-go:v1.14.13
    restart: unless-stopped
    command:
      - --config=/geth/config.toml
      # Flags not available via config.toml
      - --nat=extip:127.0.0.4
      - --pprof
      - --pprof.addr=0.0.0.0
      - --metrics
      - --graphql
      - --verbosity=4 # Log level (1=error,2=warn,3=info,4=debug)
      
    ports:
      - 8551:8551 # Auth RPC
      - 8544:8545 # HTTP RPC
      - 30303:30303 # Execution P2P
      - 30303:30303/udp # Execution P2P Discovery
      - 8546:8546 # Websockets RPC
      - 6060 # Prometheus metrics and pprof
    healthcheck:
      test: "nc -z localhost 8545"
      interval: 1s
      retries: 30
    volumes:
      - ./seed01_evm:/geth
    logging:
      driver: local
    networks:
      test:
        

