version: '2.4'
networks:
  test:
    labels:
      e2e: true
    driver: bridge

services:
  fullnode01:
    labels:
      e2e: true
    container_name: fullnode01
    image: omniops/halo:7d1ae53
    init: true
    ports:
    - 26656:26656
    - 26657:26657
    - 6060
    volumes:
    - ./fullnode01:/halo
    depends_on:
      fullnode01_evm:
        condition: service_healthy
    networks:
      test:
        


  # Use geth as the omni EVMs.
  # Initialises geth files and folder from provided genesis file.
  fullnode01_evm-init:
    labels:
      e2e: true
    container_name: fullnode01_evm-init
    image: "ethereum/client-go:v1.13.15"
    command: --state.scheme=path --datadir=/geth init /geth/genesis.json
    volumes:
      - ./fullnode01_evm:/geth
    networks:
      test:

  fullnode01_evm:
    labels:
      e2e: true
    container_name: fullnode01_evm
    image: "ethereum/client-go:v1.13.15"
    command:
      - --config=/geth/config.toml
      # Flags not available via config.toml
      - --nat=extip:<nil>
      - --pprof
      - --pprof.addr=0.0.0.0
      - --metrics
      
    ports:
      - 8551:8551
      - 8545:8545
      - 30303:30303
      - 8546
      - 6060
    depends_on:
      fullnode01_evm-init:
        condition: service_completed_successfully
    healthcheck:
      test: "nc -z localhost 8545"
      interval: 1s
      retries: 30
    volumes:
      - ./fullnode01_evm:/geth
    networks:
      test:
        

