[Eth]
NetworkId = 15651
SyncMode = "full"
EthDiscoveryURLs = []
SnapDiscoveryURLs = []
NoPruning = true
NoPrefetch = false
TxLookupLimit = 2350000
TransactionHistory = 2350000
StateHistory = 90000
LightPeers = 100
DatabaseCache = 512
DatabaseFreezer = ""
TrieCleanCache = 154
TrieDirtyCache = 256
TrieTimeout = 3600000000000
SnapshotCache = 102
Preimages = true
FilterLogCacheSize = 32
EnablePreimageRecording = false
VMTrace = ""
VMTraceJsonConfig = ""
RPCGasCap = 50000000
RPCEVMTimeout = 5000000000
RPCTxFeeCap = 1e+00

[Eth.Miner]
GasCeil = 30000000
GasPrice = 1000000
Recommit = 500000000

[Eth.TxPool]
Locals = []
NoLocals = false
Journal = "transactions.rlp"
Rejournal = 3600000000000
PriceLimit = 1
PriceBump = 10
AccountSlots = 16
GlobalSlots = 5120
AccountQueue = 64
GlobalQueue = 1024
Lifetime = 10800000000000

[Eth.BlobPool]
Datadir = "blobpool"
Datacap = 2684354560
PriceBump = 100

[Eth.GPO]
Blocks = 20
Percentile = 60
MaxHeaderHistory = 1024
MaxBlockHistory = 1024
MaxPrice = 500000000000
IgnorePrice = 2

[Node]
UserIdent = "archive"
DataDir = "/geth"
IPCPath = "/geth/geth.ipc"
HTTPHost = "0.0.0.0"
HTTPPort = 8545
HTTPCors = ["*"]
HTTPVirtualHosts = ["*"]
HTTPModules = ["net", "web3", "eth", "debug"]
AuthAddr = "0.0.0.0"
AuthPort = 8551
AuthVirtualHosts = ["*"]
WSHost = "0.0.0.0"
WSPort = 8546
WSOrigins = ["*"]
WSModules = ["net", "web3", "eth", "debug"]
GraphQLCors = ["*"]
GraphQLVirtualHosts = ["*"]
BatchRequestLimit = 1000
BatchResponseMaxSize = 25000000

[Node.P2P]
MaxPeers = 50
NoDiscovery = false
DiscoveryV4 = true
BootstrapNodes = ["enode://3a514176466fa815ed481ffad09110a2d344f6c9b78c1d14afc351c3a51be33d8072e77939dc03ba44790779b7a1025baf3003f6732430e20cd9b76d953391b3@127.0.0.1:1"]
BootstrapNodesV5 = ["enode://3a514176466fa815ed481ffad09110a2d344f6c9b78c1d14afc351c3a51be33d8072e77939dc03ba44790779b7a1025baf3003f6732430e20cd9b76d953391b3@127.0.0.1:1"]
StaticNodes = []
TrustedNodes = ["enode://3a514176466fa815ed481ffad09110a2d344f6c9b78c1d14afc351c3a51be33d8072e77939dc03ba44790779b7a1025baf3003f6732430e20cd9b76d953391b3@127.0.0.1:1", "enode://3a514176466fa815ed481ffad09110a2d344f6c9b78c1d14afc351c3a51be33d8072e77939dc03ba44790779b7a1025baf3003f6732430e20cd9b76d953391b3@127.0.0.2:2"]
ListenAddr = "0.0.0.0:30303"
DiscAddr = ""
EnableMsgEvents = false

[Node.HTTPTimeouts]
ReadTimeout = 30000000000
ReadHeaderTimeout = 30000000000
WriteTimeout = 30000000000
IdleTimeout = 120000000000

[Metrics]
HTTP = "127.0.0.1"
Port = 6060
InfluxDBEndpoint = "http://localhost:8086"
InfluxDBDatabase = "geth"
InfluxDBUsername = "test"
InfluxDBPassword = "test"
InfluxDBTags = "host=localhost"
InfluxDBToken = "test"
InfluxDBBucket = "geth"
InfluxDBOrganization = "geth"
