{
 "maxTransferAmounts": {
  "ETH": "nil",
  "HYPE": "nil",
  "MNT": "nil",
  "NOM": "nil",
  "OMNI": "nil",
  "USDC": "nil",
  "USDT": "nil",
  "USDT0": "nil",
  "WETH": "nil",
  "mETH": "nil",
  "stETH": "nil",
  "wstETH": "nil"
 },
 "moveFundsChains": [
  1,
  10,
  42161,
  8453
 ],
 "moveFundsTo": "0xF01D699A3cF9Aa0d060E6A5F83B3c5D5E664ca68"
}