global:
  scrape_interval: 30s # Set the scrape interval to every 30 seconds.
  evaluation_interval: 30s # Evaluate rules every 30 seconds.
remote_write:
  - url: https://grafana.com
    basic_auth:
      username: admin
      password: password
    write_relabel_configs:
      # Add 'container' label using 'instance without port'
      - source_labels: [instance]
        regex: '(.+):(\d+)'
        target_label: container
        replacement: '${1}'


scrape_configs:
  - job_name: "halo"
    metrics_path: "/metrics"
    static_configs:
      - targets: ["fullnode04:26660"] # halo targets
        labels:
          network: 'staging'
          host: 'vm-2'

  - job_name: "geth"
    metrics_path: "/debug/metrics/prometheus"
    static_configs:
      - targets: ["fullnode04_evm:6060"] # geth targets
        labels:
          network: 'staging'
          host: 'vm-2'

  - job_name: "relayer"
    metrics_path: "/metrics"
    static_configs:
      - targets: [relayer:26660] # relayer targets
        labels:
          network: 'staging'
          host: 'vm-2'

  - job_name: "monitor"
    metrics_path: "/metrics"
    static_configs:
      - targets: [] # monitor targets
        labels:
          network: 'staging'
          host: 'vm-2'

