global:
  scrape_interval: 1m # Set the scrape interval to 1m (default).
  evaluation_interval: 1m # Evaluate rules every 1m (default).

scrape_configs:
  - job_name: "halo"
    metrics_path: "/metrics"
    static_configs:
      - targets: [validator01:26660,validator02:26660] # halo targets
        labels:
          network: 'manifest3-localhost'
          host: 'localhost'

  - job_name: "geth"
    metrics_path: "/debug/metrics/prometheus"
    static_configs:
      - targets: [] # geth targets
        labels:
          network: 'manifest3-localhost'
          host: 'localhost'

  - job_name: "relayer"
    metrics_path: "/metrics"
    static_configs:
      - targets: [relayer:26660] # relayer targets
        labels:
          network: 'manifest3-localhost'
          host: 'localhost'

  - job_name: "monitor"
    metrics_path: "/metrics"
    static_configs:
      - targets: [monitor:26660] # monitor targets
        labels:
          network: 'manifest3-localhost'
          host: 'localhost'

  - job_name: "solver"
    metrics_path: "/metrics"
    static_configs:
      - targets: [solver:26660] # solver targets
        labels:
          network: 'manifest3-localhost'
          host: 'localhost'

