{
 "mainnet hot ETH": {
  "Target": "8.0800",
  "Min": "2.0080"
 },
 "mainnet hot OMNI": {
  "Target": "8080.0000",
  "Min": "2008.0000"
 },
 "mainnet safe ETH": {
  "Target": "8.0800",
  "Min": "2.0080"
 },
 "mainnet safe OMNI": {
  "Target": "8080.0000",
  "Min": "2008.0000"
 },
 "omega hot ETH": {
  "Target": "108.0800",
  "Min": "22.0080"
 },
 "omega hot OMNI": {
  "Target": "108080.0000",
  "Min": "22008.0000"
 },
 "omega safe ETH": {
  "Target": "108.0800",
  "Min": "22.0080"
 },
 "omega safe OMNI": {
  "Target": "108080.0000",
  "Min": "22008.0000"
 },
 "staging hot ETH": {
  "Target": "112.0600",
  "Min": "23.0060"
 },
 "staging hot OMNI": {
  "Target": "112060.0000",
  "Min": "23006.0000"
 },
 "staging safe ETH": {
  "Target": "112.0600",
  "Min": "23.0060"
 },
 "staging safe OMNI": {
  "Target": "112060.0000",
  "Min": "23006.0000"
 }
}