{
 "arb_sepolia": {
  "block_period": "300ms",
  "ephemeral_attest_interval": 2000,
  "protected_attest_interval": 12000
 },
 "arbitrum_one": {
  "block_period": "300ms",
  "ephemeral_attest_interval": 2000,
  "protected_attest_interval": 12000
 },
 "base": {
  "block_period": "2s",
  "ephemeral_attest_interval": 300,
  "protected_attest_interval": 1800
 },
 "base_sepolia": {
  "block_period": "2s",
  "ephemeral_attest_interval": 300,
  "protected_attest_interval": 1800
 },
 "ethereum": {
  "block_period": "12s",
  "ephemeral_attest_interval": 50,
  "protected_attest_interval": 300
 },
 "omni_evm": {
  "block_period": "2s",
  "ephemeral_attest_interval": 300,
  "protected_attest_interval": 1800
 },
 "op_sepolia": {
  "block_period": "2s",
  "ephemeral_attest_interval": 300,
  "protected_attest_interval": 1800
 },
 "optimism": {
  "block_period": "2s",
  "ephemeral_attest_interval": 300,
  "protected_attest_interval": 1800
 }
}