{
 "name": "'ƺũ桑I朻 9铃]3g!f",
 "chains": [
  {
   "id": 5828590068104375683,
   "name": "鎢屃裂À",
   "rpcurl": "飖Ǒp!ǪŰM旰綷罨袢捺悲ȅ-@",
   "portal_address": "ʛ,^籿Ź濓\u003c鈡鶭ŁPyÌ",
   "deploy_height": 11192860951737014106,
   "is_omni": false
  },
  {
   "id": 15725524192250126063,
   "name": "ƺƠav$蛷",
   "rpcurl": "~轱:ŽƔA苩",
   "portal_address": "C_睿ȉǫ蹟t´ûș$0",
   "deploy_height": 15883660595445054857,
   "is_omni": true
  },
  {
   "id": 15013868781379436221,
   "name": "]ɹȽ東潇澍ȣ1Ȗɥm",
   "rpcurl": "rŔ綂2暮斚嬆ʅȀʙ",
   "portal_address": "飃m",
   "deploy_height": 13459205444906724476,
   "is_omni": true
  }
 ]
}