{
 "name": "'ƺũ桑I朻 9铃]3g!f",
 "chains": [
  {
   "id": 5828590068104375683,
   "name": "鎢屃裂À",
   "rpcurl": "飖Ǒp!ǪŰM旰綷罨袢捺悲ȅ-@",
   "auth_rpcurl": "ʛ,^籿Ź濓\u003c鈡鶭ŁPyÌ",
   "portal_address": "笨Gń條ģ|2諱4",
   "deploy_height": 15080552979306262733,
   "is_omni": true,
   "block_period": "241333h25m56.476018686s",
   "finalization_start": "YF墄[C_睿ȉǫ蹟t´ûș$0đ"
  },
  {
   "id": 5735187812301142556,
   "name": "÷K鬣壈gƢ板鋩伸~槱¡rŔ",
   "rpcurl": " 炄闌剾溏嶪滢w",
   "auth_rpcurl": "ĥ腲ʤa",
   "portal_address": "蘳G",
   "deploy_height": 10085923631778523276,
   "is_omni": true,
   "is_ethereum": true,
   "block_period": "-782574h36m33.103665835s",
   "finalization_start": "ȉĔȹ$Ievɥʈ摨aƈŲɩ9Ă`"
  },
  {
   "id": 16460321371496047982,
   "name": "飦tD6ɀk諮Ȃ遃ɸ",
   "rpcurl": "溹*x唎蕍冻垰40F7楣ƛ隨Ǩmȷā",
   "auth_rpcurl": "譯匬襧*|机",
   "portal_address": "ƹ棳",
   "deploy_height": 658961313498574590,
   "is_omni": true,
   "is_ethereum": true,
   "block_period": "-1937156h25m50.430672886s",
   "finalization_start": "ư銩6ĳ憏歅"
  }
 ]
}