{
  "alloc": null,
  "baseFeePerGas": "0x3b9aca00",
  "blobGasUsed": null,
  "coinbase": "0x0000000000000000000000000000000000000000",
  "config": {
    "chainId": 1650,
    "homesteadBlock": 0,
    "eip150Block": 0,
    "eip155Block": 0,
    "eip158Block": 0,
    "byzantiumBlock": 0,
    "constantinopleBlock": 0,
    "petersburgBlock": 0,
    "istanbulBlock": 0,
    "muirGlacierBlock": 0,
    "berlinBlock": 0,
    "londonBlock": 0,
    "arrowGlacierBlock": 0,
    "grayGlacierBlock": 0,
    "shanghaiTime": 0,
    "cancunTime": 0,
    "terminalTotalDifficulty": 0,
    "depositContractAddress": "0x0000000000000000000000000000000000000000",
    "blobSchedule": {
      "cancun": {
        "target": 3,
        "max": 6,
        "baseFeeUpdateFraction": 3338477
      },
      "prague": {
        "target": 6,
        "max": 9,
        "baseFeeUpdateFraction": 5007716
      }
    },
    "terminalTotalDifficultyPassed": true
  },
  "difficulty": "0x0",
  "excessBlobGas": null,
  "extraData": "0x",
  "gasLimit": "0x1c9c380",
  "gasUsed": "0x0",
  "mixHash": "0x0000000000000000000000000000000000000000000000000000000000000000",
  "nonce": "0x0",
  "number": "0x0",
  "parentHash": "0x0000000000000000000000000000000000000000000000000000000000000000",
  "timestamp": "0x0"
}